HI-TECH Software C Compiler 

Linker command line:

--edf=C:\Program Files (x86)\HI-TECH Software\PICC\9.83\dat\en_msgs.txt -cs \
  -h+PR6B.sym -z -Q16F877A -ol.obj -MPR6B.map -E1 -ACONST=00h-0FFhx32 \
  -ACODE=00h-07FFhx4 -ASTRCODE=00h-01FFFh -AENTRY=00h-0FFhx32 \
  -ASTRING=00h-0FFhx32 -ABANK0=020h-06Fh -ABANK1=0A0h-0EFh \
  -ABANK2=0110h-016Fh -ABANK3=0190h-01EFh \
  -ARAM=020h-06Fh,0A0h-0EFh,0110h-016Fh,0190h-01EFh \
  -AABS1=020h-07Fh,0A0h-0EFh,0110h-016Fh,0190h-01EFh -ACOMMON=070h-07Fh \
  -ASFR0=00h-01Fh -ASFR1=080h-09Fh -ASFR2=0100h-010Fh -ASFR3=0180h-018Fh \
  -preset_vec=00h,intentry,init,end_init -ppowerup=CODE -pfunctab=CODE \
  -ACONFIG=02007h-02007h -pconfig=CONFIG -DCONFIG=2 -AIDLOC=02000h-02003h \
  -pidloc=IDLOC -DIDLOC=2 -AEEDATA=00h-0FFh/02100h -peeprom_data=EEDATA \
  -DEEDATA=2 -DCODE=2 -DSTRCODE=2 -DSTRING=2 -DCONST=2 -DENTRY=2 -k \
  startup.obj PR6B.obj 

Object code version is 3.10

Machine type is 16F877A



                Name                               Link     Load   Length Selector   Space Scale
startup.obj     end_init                              0        0        3        0       0
PR6B.obj        config                             2007     2007        1     400E       0
                text103                             6E3      6E3       11      DC6       0
                text102                             6C8      6C8        C      D90       0
                text101                             6D4      6D4        F      DA8       0
                maintext                            6F4      6F4      10C      DE8       0
                cstackCOMMON                         70       70        2       70       1
                cinit                               6C4      6C4        4      D88       0
                nvCOMMON                             72       72        1       70       1

TOTAL           Name                               Link     Load   Length     Space
        CLASS   CONST          

        CLASS   CODE           
                end_init                              0        0        3         0
                text103                             6E3      6E3       11         0
                text102                             6C8      6C8        C         0
                text101                             6D4      6D4        F         0
                maintext                            6F4      6F4      10C         0
                cinit                               6C4      6C4        4         0

        CLASS   STRCODE        

        CLASS   ENTRY          

        CLASS   STRING         

        CLASS   BANK0          

        CLASS   BANK1          

        CLASS   BANK2          

        CLASS   BANK3          

        CLASS   RAM            

        CLASS   ABS1           
                abs_s1                               7E       7E        2         1

        CLASS   COMMON         
                cstackCOMMON                         70       70        2         1
                nvCOMMON                             72       72        1         1

        CLASS   SFR0           

        CLASS   SFR1           

        CLASS   SFR2           

        CLASS   SFR3           

        CLASS   CONFIG         
                config                             2007     2007        1         0

        CLASS   IDLOC          

        CLASS   EEDATA         



SEGMENTS        Name                           Load    Length   Top    Selector   Space  Class     Delta

                reset_vec                      000000  000003  000003         0       0  CODE        2
                cstackCOMMON                   000070  000003  000073        70       1  COMMON      1
                cinit                          0006C4  000004  0006C8       D88       0  CODE        2
                text102                        0006C8  00000C  0006D4       D90       0  CODE        2
                text101                        0006D4  00000F  0006E3       DA8       0  CODE        2
                text103                        0006E3  000011  0006F4       DC6       0  CODE        2
                maintext                       0006F4  00010C  000800       DE8       0  CODE        2
                config                         002007  000001  002008      400E       0  CONFIG      2


UNUSED ADDRESS RANGES

        Name                Unused          Largest block    Delta
        BANK0            0020-006F             50           1
        BANK1            00A0-00EF             50           1
        BANK2            0110-016F             60           1
        BANK3            0190-01EF             60           1
        CODE             0003-06C3            6C1           2
                         0800-1FFF            800
        COMMON           0073-007D              B           1
        CONST            0003-06C3            100           2
                         0800-1FFF            100
        EEDATA           2100-21FF            100           2
        ENTRY            0003-06C3            100           2
                         0800-1FFF            100
        IDLOC            2000-2003              4           2
        RAM              0020-006F             50           1
                         00A0-00EF             50
                         0110-016F             60
                         0190-01EF             60
        SFR0             0000-001F             20           1
        SFR1             0080-009F             20           1
        SFR2             0100-010F             10           1
        SFR3             0180-018F             10           1
        STRCODE          0003-06C3            6C1           2
                         0800-1FFF           1800
        STRING           0003-06C3            100           2
                         0800-1FFF            100

                                  Symbol Table

??_display            cstackCOMMON 0070
??_init               cstackCOMMON 0070
??_main               cstackCOMMON 0071
??_receive            cstackCOMMON 0070
?_display             cstackCOMMON 0070
?_init                cstackCOMMON 0070
?_main                cstackCOMMON 0070
?_receive             cstackCOMMON 0070
_BRGH                 (abs)        04C2
_CARRY                (abs)        0018
_CREN                 (abs)        00C4
_EEADR                (abs)        010D
_EECON1               (abs)        018C
_EECON2               (abs)        018D
_EEDATA               (abs)        010C
_GIE                  (abs)        005F
_PORTD                (abs)        0008
_RCIF                 (abs)        0065
_RCREG                (abs)        001A
_RD                   (abs)        0C60
_SPBRG                (abs)        0099
_SPEN                 (abs)        00C7
_TRISD                (abs)        0088
_TXEN                 (abs)        04C5
_TXIF                 (abs)        0064
_TXREG                (abs)        0019
_WR                   (abs)        0C61
_WREN                 (abs)        0C62
__Habs1               abs1         0000
__Hbank0              bank0        0000
__Hbank1              bank1        0000
__Hbank2              bank2        0000
__Hbank3              bank3        0000
__Hcinit              cinit        0000
__Hclrtext            clrtext      0000
__Hcode               code         0000
__Hcommon             common       0000
__Hconfig             config       2008
__HcstackCOMMON       cstackCOMMON 0000
__Heeprom_data        eeprom_data  0000
__Hend_init           end_init     0003
__Hfunctab            functab      0000
__Hidloc              idloc        0000
__Hinit               init         0000
__Hintentry           intentry     0000
__Hmaintext           maintext     0000
__HnvCOMMON           nvCOMMON     0000
__Hpowerup            powerup      0000
__Hram                ram          0000
__Hreset_vec          reset_vec    0000
__Hsfr0               sfr0         0000
__Hsfr1               sfr1         0000
__Hsfr2               sfr2         0000
__Hsfr3               sfr3         0000
__Hstrings            strings      0000
__Htext               text         0000
__Labs1               abs1         0000
__Lbank0              bank0        0000
__Lbank1              bank1        0000
__Lbank2              bank2        0000
__Lbank3              bank3        0000
__Lcinit              cinit        0000
__Lclrtext            clrtext      0000
__Lcode               code         0000
__Lcommon             common       0000
__Lconfig             config       2007
__LcstackCOMMON       cstackCOMMON 0000
__Leeprom_data        eeprom_data  0000
__Lend_init           end_init     0000
__Lfunctab            functab      0000
__Lidloc              idloc        0000
__Linit               init         0000
__Lintentry           intentry     0000
__Lmaintext           maintext     0000
__LnvCOMMON           nvCOMMON     0000
__Lpowerup            powerup      0000
__Lram                ram          0000
__Lreset_vec          reset_vec    0000
__Lsfr0               sfr0         0000
__Lsfr1               sfr1         0000
__Lsfr2               sfr2         0000
__Lsfr3               sfr3         0000
__Lstrings            strings      0000
__Ltext               text         0000
__S0                  (abs)        2008
__S1                  (abs)        0073
__S2                  (abs)        0000
__end_of_display      text102      06D4
__end_of_init         text103      06F4
__end_of_main         maintext     0800
__end_of_receive      text101      06E3
__pcstackCOMMON       cstackCOMMON 0070
__pmaintext           maintext     06F4
__pnvCOMMON           nvCOMMON     0072
__ptext101            text101      06D4
__ptext102            text102      06C8
__ptext103            text103      06E3
__ptext104            text104      0000
__size_of_display     (abs)        0000
__size_of_init        (abs)        0000
__size_of_main        (abs)        0000
__size_of_receive     (abs)        0000
_a                    nvCOMMON     0072
_display              text102      06C8
_exit                 init         0000
_init                 text103      06E3
_main                 maintext     06F4
_receive              text101      06D4
btemp                 (abs)        007E
display@c             cstackCOMMON 0070
end_of_initialization cinit        06C4
intlevel0             functab      0000
intlevel1             functab      0000
intlevel2             functab      0000
intlevel3             functab      0000
intlevel4             functab      0000
intlevel5             functab      0000
reset_vec             reset_vec    0000
start                 init         0000
start_initialization  cinit        06C4
wtemp0                (abs)        007E
